
> @dealflow360/web@0.1.0 build
> next build

▲ Next.js 16.3.4 (Turbopack)
✓ Running next.config.ts took 120ms

  Creating an optimized production build ...
✓ Compiled successfully in 3.6s
  Running TypeScript ...
  Finished TypeScript in 2.9s ...
  Collecting page data using 6 workers ...
  Generating static pages using 6 workers (0/20) ...
  Generating static pages using 6 workers (5/20) 
  Generating static pages using 6 workers (10/20) 
  Generating static pages using 6 workers (15/20) 
✓ Generating static pages using 6 workers (20/20) in 2.6s
  Finalizing page optimization ...

Route (app)
┌ ○ /
├ ○ /_not-found
├   /[...slug]
│ ├ ● /login
│ ├ ● /signup
│ ├ ● /dashboard
│ └ ● [+13 more paths]
└ ○ /icon.svg


○  (Static)  prerendered as static content
●  (SSG)     prerendered as static HTML (uses generateStaticParams)

npm notice
npm notice New major version of npm available! 11.19.0 -> 12.0.2
npm notice Changelog: https://github.com/npm/cli/releases/tag/v12.0.2
npm notice To update run: npm install -g npm@12.0.2
npm notice
